b99594993500d71305de3aa3a040da5d - - [23/Jan/2011 04:00:00 +0100] "/sparql?default-graph-uri=http%3A%2F%2Fdbpedia.org&output=json&query=PREFIX%20rdfs%3A%20%3Chttp%3A%2F%2Fwww.w3.org%2F2000%2F01%2Frdf-schema%23%3E%20SELECT%20*%20WHERE%20%7B%20%3Fcity%20a%20%3Chttp%3A%2F%2Fdbpedia.org%2Fontology%2FPlace%3E%3B%20rdfs%3Alabel%20%27Algarrobo%27%40en.%20%20%3Fairport%20a%20%3Chttp%3A%2F%2Fdbpedia.org%2Fontology%2FAirport%3E.%20%7B%3Fairport%20%3Chttp%3A%2F%2Fdbpedia.org%2Fontology%2Fcity%3E%20%3Fcity%7D%20UNION%20%7B%3Fairport%20%3Chttp%3A%2F%2Fdbpedia.org%2Fontology%2Flocation%3E%20%3Fcity%7D%20UNION%20%7B%3Fairport%20%3Chttp%3A%2F%2Fdbpedia.org%2Fproperty%2FcityServed%3E%20%3Fcity.%7D%20UNION%20%7B%3Fairport%20%3Chttp%3A%2F%2Fdbpedia.org%2Fontology%2Fcity%3E%20%3Fcity.%20%7D%7B%3Fairport%20%3Chttp%3A%2F%2Fdbpedia.org%2Fproperty%2Fiata%3E%20%3Fiata.%7D%20UNION%20%20%7B%3Fairport%20%3Chttp%3A%2F%2Fdbpedia.org%2Fontology%2FiataLocationIdentifier%3E%20%3Fiata.%20%7D%20OPTIONAL%20%7B%20%3Fairport%20foaf%3Ahomepage%20%3Fairport_home.%20%7D%20OPTIONAL%20%7B%20%3Fairport%20rdfs%3Alabel%20%3Fname.%20%7D%20OPTIONAL%20%7B%20%3Fairport%20%3Chttp%3A%2F%2Fdbpedia.org%2Fproperty%2Fnativename%3E%20%3Fairport_name.%7D%20FILTER%20%28%20%21bound%28%3Fname%29%20%7C%7C%20langMatches%28%20lang%28%3Fname%29%2C%20%27de%27%29%20%29%7D" 200 512 "-" "AppEngine-Google"